To https://github.com/ummeark/tester-KSTilskudd-TEST.git
   446459a..553743a  main -> main
To https://github.com/ummeark/tester-KSTilskudd-TEST.git
   553743a..5f25a29  main -> main
To https://github.com/ummeark/tester-KSTilskudd-TEST.git
   5f25a29..61cda5d  main -> main
🔍 Validerer miljøseparasjon (TEST – tilskudd.fiks.test.ks.no)...
[0;32m✅ Miljøvalidering OK – ingen PROD-kontaminering i TEST-repo[0m
To https://github.com/ummeark/tester-KSTilskudd-TEST.git
   de8ac9f..734c862  main -> main
🔍 Validerer miljøseparasjon (TEST – tilskudd.fiks.test.ks.no)...
[0;32m✅ Miljøvalidering OK – ingen PROD-kontaminering i TEST-repo[0m
To https://github.com/ummeark/tester-KSTilskudd-TEST.git
   9eb938c..ee07b8a  main -> main
🔍 Validerer miljøseparasjon (TEST – tilskudd.fiks.test.ks.no)...
[0;32m✅ Miljøvalidering OK – ingen PROD-kontaminering i TEST-repo[0m
To https://github.com/ummeark/tester-KSTilskudd-TEST.git
   349466e..d3f89aa  main -> main
🔍 Validerer miljøseparasjon (TEST – tilskudd.fiks.test.ks.no)...
[0;32m✅ Miljøvalidering OK – ingen PROD-kontaminering i TEST-repo[0m
To https://github.com/ummeark/tester-KSTilskudd-TEST.git
   118af59..007e875  main -> main
🔍 Validerer miljøseparasjon (TEST – tilskudd.fiks.test.ks.no)...
[0;32m✅ Miljøvalidering OK – ingen PROD-kontaminering i TEST-repo[0m
To https://github.com/ummeark/tester-KSTilskudd-TEST.git
   1376eea..877f725  main -> main
🔍 Validerer miljøseparasjon (TEST – tilskudd.fiks.test.ks.no)...
[0;32m✅ Miljøvalidering OK – ingen PROD-kontaminering i TEST-repo[0m
To https://github.com/ummeark/tester-KSTilskudd-TEST.git
   5c5017e..db92bee  main -> main
🔍 Validerer miljøseparasjon (TEST – tilskudd.fiks.test.ks.no)...
[0;32m✅ Miljøvalidering OK – ingen PROD-kontaminering i TEST-repo[0m
To https://github.com/ummeark/tester-KSTilskudd-TEST.git
   db92bee..f797c43  main -> main
🔍 Validerer miljøseparasjon (TEST – tilskudd.fiks.test.ks.no)...
[0;32m✅ Miljøvalidering OK – ingen PROD-kontaminering i TEST-repo[0m
fatal: unable to access 'https://github.com/ummeark/tester-KSTilskudd-TEST.git/': Could not resolve host: github.com
🔍 Validerer miljøseparasjon (TEST – tilskudd.fiks.test.ks.no)...
[0;32m✅ Miljøvalidering OK – ingen PROD-kontaminering i TEST-repo[0m
To https://github.com/ummeark/tester-KSTilskudd-TEST.git
   398f289..675ef33  main -> main
🔍 Validerer miljøseparasjon (TEST – tilskudd.fiks.test.ks.no)...
[0;32m✅ Miljøvalidering OK – ingen PROD-kontaminering i TEST-repo[0m
To https://github.com/ummeark/tester-KSTilskudd-TEST.git
   97185d3..107b643  main -> main
🔍 Validerer miljøseparasjon (TEST – tilskudd.fiks.test.ks.no)...
[0;32m✅ Miljøvalidering OK – ingen PROD-kontaminering i TEST-repo[0m
To https://github.com/ummeark/tester-KSTilskudd-TEST.git
   0ddfe75..6af0427  main -> main
🔍 Validerer miljøseparasjon (TEST – tilskudd.fiks.test.ks.no)...
[0;32m✅ Miljøvalidering OK – ingen PROD-kontaminering i TEST-repo[0m
To https://github.com/ummeark/tester-KSTilskudd-TEST.git
   6af0427..a7e9062  main -> main
🔍 Validerer miljøseparasjon (TEST – tilskudd.fiks.test.ks.no)...
[0;32m✅ Miljøvalidering OK – ingen PROD-kontaminering i TEST-repo[0m
To https://github.com/ummeark/tester-KSTilskudd-TEST.git
   c0c0485..5f8aefc  main -> main
🔍 Validerer miljøseparasjon (TEST – tilskudd.fiks.test.ks.no)...
[0;32m✅ Miljøvalidering OK – ingen PROD-kontaminering i TEST-repo[0m
To https://github.com/ummeark/tester-KSTilskudd-TEST.git
   f86e70c..003687f  main -> main
🔍 Validerer miljøseparasjon (TEST – tilskudd.fiks.test.ks.no)...
[0;32m✅ Miljøvalidering OK – ingen PROD-kontaminering i TEST-repo[0m
To https://github.com/ummeark/tester-KSTilskudd-TEST.git
   c727879..904bbc8  main -> main
🔍 Validerer miljøseparasjon (TEST – tilskudd.fiks.test.ks.no)...
[0;32m✅ Miljøvalidering OK – ingen PROD-kontaminering i TEST-repo[0m
To https://github.com/ummeark/tester-KSTilskudd-TEST.git
   904bbc8..88dfe0d  main -> main
🔍 Validerer miljøseparasjon (TEST – tilskudd.fiks.test.ks.no)...
[0;32m✅ Miljøvalidering OK – ingen PROD-kontaminering i TEST-repo[0m
To https://github.com/ummeark/tester-KSTilskudd-TEST.git
   88dfe0d..715bc12  main -> main
🔍 Validerer miljøseparasjon (TEST – tilskudd.fiks.test.ks.no)...
[0;32m✅ Miljøvalidering OK – ingen PROD-kontaminering i TEST-repo[0m
To https://github.com/ummeark/tester-KSTilskudd-TEST.git
   8ff387a..f812f5f  main -> main
🔍 Validerer miljøseparasjon (TEST – tilskudd.fiks.test.ks.no)...
[0;32m✅ Miljøvalidering OK – ingen PROD-kontaminering i TEST-repo[0m
To https://github.com/ummeark/tester-KSTilskudd-TEST.git
   77c9d2e..3db7921  main -> main
🔍 Validerer miljøseparasjon (TEST – tilskudd.fiks.test.ks.no)...
[0;32m✅ Miljøvalidering OK – ingen PROD-kontaminering i TEST-repo[0m
To https://github.com/ummeark/tester-KSTilskudd-TEST.git
   614d733..8003238  main -> main
🔍 Validerer miljøseparasjon (TEST – tilskudd.fiks.test.ks.no)...
[0;32m✅ Miljøvalidering OK – ingen PROD-kontaminering i TEST-repo[0m
To https://github.com/ummeark/tester-KSTilskudd-TEST.git
   dc71ec3..603726e  main -> main
To https://github.com/ummeark/tester-KSTilskudd-TEST.git
   f7a0b37..5f1f6a1  main -> main
To https://github.com/ummeark/tester-KSTilskudd-TEST.git
   780a3d4..d260ccc  main -> main
To https://github.com/ummeark/tester-KSTilskudd-TEST.git
   d260ccc..5ea1745  main -> main
To https://github.com/ummeark/tester-KSTilskudd-TEST.git
   5ea1745..b34f710  main -> main
